#-----------------------------------------------------------
# Vivado v2018.2 (64-bit)
# SW Build 2258646 on Thu Jun 14 20:02:38 MDT 2018
# IP Build 2256618 on Thu Jun 14 22:10:49 MDT 2018
# Start of session at: Tue Feb  4 08:14:07 2025
# Process ID: 83347
# Current directory: /home/haoyu/workspace/riscv/riscvBoy/fpga
# Command line: vivado
# Log file: /home/haoyu/workspace/riscv/riscvBoy/fpga/vivado.log
# Journal file: /home/haoyu/workspace/riscv/riscvBoy/fpga/vivado.jou
#-----------------------------------------------------------
start_gui
open_project /home/haoyu/workspace/riscv/riscvBoy/fpga/example/example.xpr
update_compile_order -fileset sources_1
set_property part xa7a15tcpg236-2I [current_project]
update_ip_catalog
reset_run synth_1
launch_runs synth_1 -jobs 2
wait_on_run synth_1
reset_run synth_1
launch_runs synth_1 -jobs 2
wait_on_run synth_1
reset_run synth_1
launch_runs synth_1 -jobs 2
wait_on_run synth_1
reset_run synth_1
launch_runs synth_1 -jobs 2
wait_on_run synth_1
open_run synth_1 -name synth_1
reset_run synth_1
launch_runs synth_1 -jobs 2
wait_on_run synth_1
refresh_design
reset_run synth_1
launch_runs synth_1 -jobs 2
wait_on_run synth_1
close_design
open_run synth_1 -name synth_1
reset_run synth_1
launch_runs synth_1 -jobs 2
wait_on_run synth_1
close_design
open_run synth_1 -name synth_1
reset_run synth_1
launch_runs synth_1 -jobs 2
wait_on_run synth_1
close_design
open_run synth_1 -name synth_1
reset_run synth_1
launch_runs synth_1 -jobs 2
wait_on_run synth_1
